[     592ms] [ERROR] Failed to load resource: net::ERR_NAME_NOT_RESOLVED @ https://cdn.polyfill.io/v2/polyfill.min.js?features=default,Array.prototype.find,Symbol.iterator:0
[    1513ms] [WARNING] ./src/views/channelSettings/components/editForm.js
  Line 152:  'channel' is assigned a value but never used  no-unused-vars @ https://cdn.ravenjs.com/3.14.0/raven.min.js:1
[    1513ms] [WARNING] ./src/views/login/index.js
  Line 15:  'queryString' is defined but never used  no-unused-vars @ https://cdn.ravenjs.com/3.14.0/raven.min.js:1
[    1514ms] [WARNING] ./src/views/communitySettings/components/editForm.js
  Line 241:  'community' is assigned a value but never used  no-unused-vars @ https://cdn.ravenjs.com/3.14.0/raven.min.js:1
[    1514ms] [WARNING] ./src/views/channel/components/PostsFeed.js
  Line 2:  'useEffect' is defined but never used  no-unused-vars @ https://cdn.ravenjs.com/3.14.0/raven.min.js:1
[    1514ms] [WARNING] ./src/views/community/components/postsFeeds.js
  Line 2:  'useEffect' is defined but never used  no-unused-vars @ https://cdn.ravenjs.com/3.14.0/raven.min.js:1
[    1514ms] [WARNING] There were more warnings in other files.
You can find a complete log in the terminal. @ https://cdn.ravenjs.com/3.14.0/raven.min.js:1
[  220363ms] [ERROR] Failed to load resource: net::ERR_NAME_NOT_RESOLVED @ https://cdn.polyfill.io/v2/polyfill.min.js?features=default,Array.prototype.find,Symbol.iterator:0
[  221131ms] [WARNING] ./src/views/channelSettings/components/editForm.js
  Line 152:  'channel' is assigned a value but never used  no-unused-vars @ https://cdn.ravenjs.com/3.14.0/raven.min.js:1
[  221132ms] [WARNING] ./src/views/login/index.js
  Line 15:  'queryString' is defined but never used  no-unused-vars @ https://cdn.ravenjs.com/3.14.0/raven.min.js:1
[  221132ms] [WARNING] ./src/views/communitySettings/components/editForm.js
  Line 241:  'community' is assigned a value but never used  no-unused-vars @ https://cdn.ravenjs.com/3.14.0/raven.min.js:1
[  221132ms] [WARNING] ./src/views/channel/components/PostsFeed.js
  Line 2:  'useEffect' is defined but never used  no-unused-vars @ https://cdn.ravenjs.com/3.14.0/raven.min.js:1
[  221132ms] [WARNING] ./src/views/community/components/postsFeeds.js
  Line 2:  'useEffect' is defined but never used  no-unused-vars @ https://cdn.ravenjs.com/3.14.0/raven.min.js:1
[  221132ms] [WARNING] There were more warnings in other files.
You can find a complete log in the terminal. @ https://cdn.ravenjs.com/3.14.0/raven.min.js:1
